[debug] [2026-08-10T10:45:38.921Z] ----------------------------------------------------------------------
[debug] [2026-08-10T10:45:38.922Z] Command:       /opt/homebrew/Cellar/node/25.5.0/bin/node /opt/homebrew/bin/firebase emulators:start --only functions
[debug] [2026-08-10T10:45:38.922Z] CLI Version:   15.11.0
[debug] [2026-08-10T10:45:38.922Z] Platform:      darwin
[debug] [2026-08-10T10:45:38.922Z] Node Version:  v25.5.0
[debug] [2026-08-10T10:45:38.922Z] Time:          Mon Aug 10 2026 16:15:38 GMT+0530 (India Standard Time)
[debug] [2026-08-10T10:45:38.922Z] ----------------------------------------------------------------------
[debug] 
[debug] [2026-08-10T10:45:38.923Z] >>> [apiv2][query] GET https://firebase-public.firebaseio.com/cli.json [none]
[debug] [2026-08-10T10:45:39.505Z] > command requires scopes: ["email","openid","https://www.googleapis.com/auth/cloudplatformprojects.readonly","https://www.googleapis.com/auth/firebase","https://www.googleapis.com/auth/cloud-platform"]
[debug] [2026-08-10T10:45:39.505Z] > authorizing via signed-in user (nikhs186@gmail.com)
[info] i  emulators: Starting emulators: functions {"metadata":{"emulator":{"name":"hub"},"message":"Starting emulators: functions"}}
[debug] [2026-08-10T10:45:39.770Z] [logging] Logging Emulator only supports listening on one address (127.0.0.1). Not listening on ::1
[debug] [2026-08-10T10:45:39.771Z] assigned listening specs for emulators {"user":{"hub":[{"address":"127.0.0.1","family":"IPv4","port":4400},{"address":"::1","family":"IPv6","port":4400}],"ui":[{"address":"127.0.0.1","family":"IPv4","port":4000},{"address":"::1","family":"IPv6","port":4000}],"logging":[{"address":"127.0.0.1","family":"IPv4","port":4500}]},"metadata":{"message":"assigned listening specs for emulators"}}
[debug] [2026-08-10T10:45:39.772Z] Write emulator hub locator at /var/folders/4l/3mtxg0ln5wj8z4c5d4l5mf2w0000gn/T/hub-lisi-lease.json
[debug] [2026-08-10T10:45:40.039Z] [functions] Functions Emulator only supports listening on one address (127.0.0.1). Not listening on ::1
[debug] [2026-08-10T10:45:40.039Z] [eventarc] Eventarc Emulator only supports listening on one address (127.0.0.1). Not listening on ::1
[debug] [2026-08-10T10:45:40.039Z] [tasks] Cloud Tasks Emulator only supports listening on one address (127.0.0.1). Not listening on ::1
[debug] [2026-08-10T10:45:40.039Z] late-assigned ports for functions and eventarc emulators {"user":{"hub":[{"address":"127.0.0.1","family":"IPv4","port":4400},{"address":"::1","family":"IPv6","port":4400}],"ui":[{"address":"127.0.0.1","family":"IPv4","port":4000},{"address":"::1","family":"IPv6","port":4000}],"logging":[{"address":"127.0.0.1","family":"IPv4","port":4500}],"functions":[{"address":"127.0.0.1","family":"IPv4","port":5001}],"eventarc":[{"address":"127.0.0.1","family":"IPv4","port":9299}],"tasks":[{"address":"127.0.0.1","family":"IPv4","port":9499}]},"metadata":{"message":"late-assigned ports for functions and eventarc emulators"}}
[warn] ⚠  functions: The following emulators are not running, calls to these services from the Functions emulator will affect production: apphosting, auth, firestore, database, hosting, pubsub, storage, dataconnect {"metadata":{"emulator":{"name":"functions"},"message":"The following emulators are not running, calls to these services from the Functions emulator will affect production: \u001b[1mapphosting, auth, firestore, database, hosting, pubsub, storage, dataconnect\u001b[22m"}}
[debug] [2026-08-10T10:45:40.079Z] defaultcredentials: writing to file /Users/nikhil/.config/firebase/nikhs186_gmail_com_application_default_credentials.json
[debug] [2026-08-10T10:45:40.080Z] Setting GAC to /Users/nikhil/.config/firebase/nikhs186_gmail_com_application_default_credentials.json {"metadata":{"emulator":{"name":"functions"},"message":"Setting GAC to /Users/nikhil/.config/firebase/nikhs186_gmail_com_application_default_credentials.json"}}
[debug] [2026-08-10T10:45:40.080Z] Checked if tokens are valid: false, expires at: 1780330083712
[debug] [2026-08-10T10:45:40.080Z] Checked if tokens are valid: false, expires at: 1780330083712
[debug] [2026-08-10T10:45:40.081Z] > refreshing access token with scopes: []
[debug] [2026-08-10T10:45:40.081Z] >>> [apiv2][query] POST https://www.googleapis.com/oauth2/v3/token [none]
[debug] [2026-08-10T10:45:40.081Z] >>> [apiv2][body] POST https://www.googleapis.com/oauth2/v3/token [omitted]
[debug] [2026-08-10T10:45:40.282Z] <<< [apiv2][status] POST https://www.googleapis.com/oauth2/v3/token 200
[debug] [2026-08-10T10:45:40.282Z] <<< [apiv2][body] POST https://www.googleapis.com/oauth2/v3/token [omitted]
[debug] [2026-08-10T10:45:40.296Z] >>> [apiv2][query] GET https://firebase.googleapis.com/v1beta1/projects/lisi-lease/adminSdkConfig [none]
[debug] [2026-08-10T10:45:40.680Z] <<< [apiv2][status] GET https://firebase-public.firebaseio.com/cli.json 200
[debug] [2026-08-10T10:45:40.681Z] <<< [apiv2][body] GET https://firebase-public.firebaseio.com/cli.json {"cloudBuildErrorAfter":1594252800000,"cloudBuildWarnAfter":1590019200000,"defaultNode10After":1594252800000,"minVersion":"3.0.5","node8DeploysDisabledAfter":1613390400000,"node8RuntimeDisabledAfter":1615809600000,"node8WarnAfter":1600128000000}
[debug] [2026-08-10T10:45:42.532Z] <<< [apiv2][status] GET https://firebase.googleapis.com/v1beta1/projects/lisi-lease/adminSdkConfig 200
[debug] [2026-08-10T10:45:42.532Z] <<< [apiv2][body] GET https://firebase.googleapis.com/v1beta1/projects/lisi-lease/adminSdkConfig {"projectId":"lisi-lease","storageBucket":"lisi-lease.firebasestorage.app"}
[info] i  functions: Watching "/Users/nikhil/Desktop/lisi-google-cloud/lg/functions" for Cloud Functions... {"metadata":{"emulator":{"name":"functions"},"message":"Watching \"/Users/nikhil/Desktop/lisi-google-cloud/lg/functions\" for Cloud Functions..."}}
[debug] [2026-08-10T10:45:42.554Z] Validating nodejs source
[warn] ⚠  functions: package.json indicates an outdated version of firebase-functions. Please upgrade using npm install --save firebase-functions@latest in your functions directory. 
[debug] [2026-08-10T10:45:42.834Z] > [functions] package.json contents: {
  "name": "functions",
  "scripts": {
    "lint": "eslint --ext .js,.ts .",
    "build": "tsc",
    "build:watch": "tsc --watch",
    "serve": "npm run build && firebase emulators:start --only functions",
    "shell": "npm run build && firebase functions:shell",
    "start": "npm run shell",
    "deploy": "firebase deploy --only functions",
    "logs": "firebase functions:log"
  },
  "engines": {
    "node": "22"
  },
  "main": "lib/index.js",
  "dependencies": {
    "@clickhouse/client": "^1.16.0",
    "adm-zip": "^0.6.0",
    "cloudinary": "^2.9.0",
    "express": "^4.18.2",
    "firebase-admin": "^14.2.0",
    "firebase-functions": "^7.0.3",
    "graphql": "^16.12.0",
    "pdf-lib": "^1.17.1",
    "pg": "^8.16.3",
    "zip": "^1.2.0"
  },
  "devDependencies": {
    "@types/adm-zip": "^0.5.7",
    "@types/express": "^4.17.21",
    "@types/pg": "^8.10.9",
    "@typescript-eslint/eslint-plugin": "^5.62.0",
    "@typescript-eslint/parser": "^5.62.0",
    "dotenv": "^16.4.5",
    "eslint": "^8.57.0",
    "eslint-config-google": "^0.14.0",
    "eslint-plugin-import": "^2.32.0",
    "firebase-functions-test": "^0.3.3",
    "typescript": "^5.7.3"
  },
  "private": true
}
[debug] [2026-08-10T10:45:42.834Z] Building nodejs source
[debug] [2026-08-10T10:45:42.835Z] Failed to find version of module node: reached end of search path /Users/nikhil/Desktop/lisi-google-cloud/lg/functions/node_modules
[warn] ⚠  functions: Your requested "node" version "22" doesn't match your global version "25". Using node@25 from host. 
[debug] [2026-08-10T10:45:42.835Z] Could not find functions.yaml. Must use http discovery
[debug] [2026-08-10T10:45:42.839Z] Found firebase-functions binary at '/Users/nikhil/Desktop/lisi-google-cloud/lg/functions/node_modules/.bin/firebase-functions'
[info] Serving at port 8192

[error] TypeError: Cannot read properties of undefined (reading 'length')
    at Object.<anonymous> (/Users/nikhil/Desktop/lisi-google-cloud/lg/functions/lib/helpers/storage.js:40:17)
    at Module._compile (node:internal/modules/cjs/loader:1803:14)
    at Module._extensions..js (node:internal/modules/cjs/loader:1934:10)
    at Module.load (node:internal/modules/cjs/loader:1524:32)
    at Module._load (node:internal/modules/cjs/loader:1326:12)
    at TracingChannel.traceSync (node:diagnostics_channel:328:14)
    at wrapModuleLoad (node:internal/modules/cjs/loader:245:24)
    at Module.require (node:internal/modules/cjs/loader:1547:12)
    at require (node:internal/modules/helpers:152:16)
    at Object.<anonymous> (/Users/nikhil/Desktop/lisi-google-cloud/lg/functions/lib/helpers/zip.js:8:19)

[debug] [2026-08-10T10:45:43.492Z] Got response code 400; body Failed to generate manifest from function source: Cannot read properties of undefined (reading 'length')
[error] ⬢  functions: Failed to load function definition from source: FirebaseError: Functions codebase could not be analyzed successfully. It may have a syntax or runtime error {"metadata":{"emulator":{"name":"functions"},"message":"Failed to load function definition from source: FirebaseError: Functions codebase could not be analyzed successfully. It may have a syntax or runtime error"}}
[debug] [2026-08-10T10:45:47.511Z] Could not find VSCode notification endpoint: FetchError: request to http://localhost:40001/vscode/notify failed, reason: . If you are not running the Firebase Data Connect VSCode extension, this is expected and not an issue.
[info] 
┌─────────────────────────────────────────────────────────────┐
│ ✔  All emulators ready! It is now safe to connect your app. │
│ i  View Emulator UI at http://127.0.0.1:4000/               │
└─────────────────────────────────────────────────────────────┘

┌───────────┬────────────────┬─────────────────────────────────┐
│ Emulator  │ Host:Port      │ View in Emulator UI             │
├───────────┼────────────────┼─────────────────────────────────┤
│ Functions │ 127.0.0.1:5001 │ http://127.0.0.1:4000/functions │
└───────────┴────────────────┴─────────────────────────────────┘
  Emulator Hub host: 127.0.0.1 port: 4400
  Other reserved ports: 4500

Issues? Report them at https://github.com/firebase/firebase-tools/issues and attach the *-debug.log files.
 
